============================= test session starts ==============================
platform linux -- Python 3.14.2, pytest-9.0.2, pluggy-1.6.0
rootdir: /home/egor@corp.faddom.com/metalayer
plugins: anyio-4.12.0, cov-7.0.0, asyncio-1.3.0
asyncio: mode=Mode.STRICT, debug=False, asyncio_default_fixture_loop_scope=None, asyncio_default_test_loop_scope=function
collected 34 items

tests/test_api.py .........                                              [ 26%]
tests/test_correlator.py .......                                         [ 47%]
tests/test_exporter.py ........                                          [ 70%]
tests/test_watcher.py ..........                                         [100%]

=============================== warnings summary ===============================
api.py:41
  /home/egor@corp.faddom.com/metalayer/api.py:41: PydanticDeprecatedSince20: Support for class-based `config` is deprecated, use ConfigDict instead. Deprecated in Pydantic V2.0 to be removed in V3.0. See Pydantic V2 Migration Guide at https://errors.pydantic.dev/2.12/migration/
    class FlowCorrelationRequest(BaseModel):

api.py:89
  /home/egor@corp.faddom.com/metalayer/api.py:89: PydanticDeprecatedSince20: Support for class-based `config` is deprecated, use ConfigDict instead. Deprecated in Pydantic V2.0 to be removed in V3.0. See Pydantic V2 Migration Guide at https://errors.pydantic.dev/2.12/migration/
    class TopologyExportRequest(BaseModel):

tests/test_exporter.py::test_export_pod_to_pod_topology
tests/test_exporter.py::test_export_with_external_services
tests/test_exporter.py::test_export_grouped_by_deployment
tests/test_exporter.py::test_export_with_time_range
tests/test_exporter.py::test_topology_summary
tests/test_exporter.py::test_skip_external_only_flows
  /home/egor@corp.faddom.com/metalayer/exporter.py:148: DeprecationWarning: datetime.datetime.utcnow() is deprecated and scheduled for removal in a future version. Use timezone-aware objects to represent datetimes in UTC: datetime.datetime.now(datetime.UTC).
    'generated_at': datetime.utcnow().isoformat(),

-- Docs: https://docs.pytest.org/en/stable/how-to/capture-warnings.html
======================== 34 passed, 8 warnings in 1.07s ========================
